<html>
<body>
<pre>
<h1>礦ision Build Log</h1>
<h2>Tool Versions:</h2>
IDE-Version: μVision V5.23.0.0
Copyright (C) 2017 ARM Ltd and ARM Germany GmbH. All rights reserved.
License Information: XY Zhang, zyx.im, LIC=D0DY8-3T8BQ-LCYJF-6NQ2V-N90MT-LZG3F
 
Tool Versions:
Toolchain:       MDK-ARM Plus  Version: 5.23
Toolchain Path:  D:\Program Files (x86)\Keil_v5\ARM\ARMCC\Bin
C Compiler:      Armcc.exe V5.06 update 4 (build 422)
Assembler:       Armasm.exe V5.06 update 4 (build 422)
Linker/Locator:  ArmLink.exe V5.06 update 4 (build 422)
Library Manager: ArmAr.exe V5.06 update 4 (build 422)
Hex Converter:   FromElf.exe V5.06 update 4 (build 422)
CPU DLL:         SARMCM3.DLL V5.23
Dialog DLL:      DARMSTM.DLL V1.68.0.0
Target DLL:      Segger\JL2CM3.dll V2.99.23.0
Dialog DLL:      TARMSTM.DLL V1.66.0.0
 
<h2>Project:</h2>
C:\Users\dell-\Desktop\15.10.30发表\风力摆控制系统.uvproj
Project File Date:  07/16/2017

<h2>Output:</h2>
*** Using Compiler 'V5.06 update 4 (build 422)', folder: 'D:\Program Files (x86)\Keil_v5\ARM\ARMCC\Bin'
Rebuild target 'Target 1'
assembling startup_stm32f10x_hd.s...
compiling usart1.c...
compiling main.c...
compiling delay.c...
compiling misc.c...
compiling stm32f10x_it.c...
compiling timer.c...
user\timer.c(133): warning:  #177-D: variable "pitch_temp2"  was declared but never referenced
  	float pitch_temp2 = 0.0;
user\timer.c(134): warning:  #177-D: variable "roll_temp2"  was declared but never referenced
  	float roll_temp2 = 0.0;
user\timer.c: 2 warnings, 0 errors
compiling mpu6050.c...
compiling indkey.c...
compiling ahrs.c...
user\ahrs.c(270): warning:  #550-D: variable "Gyro_y"  was set but never used
  	static float Gyro_y;   //Y轴陀螺仪数据暂存
user\ahrs.c(325): warning:  #550-D: variable "Gyro_y"  was set but never used
  	static float Gyro_y;   //Y轴陀螺仪数据暂存
user\ahrs.c: 2 warnings, 0 errors
compiling iic_analog.c...
compiling LED.c...
compiling usart2.c...
compiling stm32f10x_gpio.c...
compiling stm32f10x_rcc.c...
compiling stm32f10x_usart.c...
compiling stm32f10x_adc.c...
compiling stm32f10x_tim.c...
compiling stm32f10x_dma.c...
compiling stm32f10x_exti.c...
compiling stm32f10x_i2c.c...
compiling core_cm3.c...
compiling system_stm32f10x.c...
compiling Motor_Control.c...
compiling Motor_PWM.c...
compiling Motor_PID.c...
linking...
Program Size: Code=28828 RO-data=968 RW-data=292 ZI-data=63252  
FromELF: creating hex file...
".\Obj\MOTOR.axf" - 0 Error(s), 4 Warning(s).
Build Time Elapsed:  00:00:13
</pre>
</body>
</html>
